{
    "action"   : "create",
    "create"   : "database",
    "team"     : "MOMA",
    "database" : {
        "name"          : "moma_hk_expected",
        "label"         : "MOMA HK Expected Values",
        "desc"          : "MOMA housekeeping expected values database.",
        "entry_format"  : "{HK ID} {MK ID}",
        "enable_lock"   : false,
        "enable_log"    : false,
        "enable_notify" : false,
        "top_keys"      : 2,
        "fields" : [
            {
                "name"  : "HK ID",
                "type"  : "int(4)",
                "key"   : true
            },
            {
                "name"  : "MK ID",
                "type"  : "int(4)",
                "key"   : true
            },
            {
                "name"  : "Relative",
                "type"  : "boolean",
                "key"   : true
            },
            {
                "name"  : "Relative MK ID",
                "type"  : "int(4)",
                "nul"   : true
            },
            {
                "name"  : "Low",
                "type"  : "float(8)",
                "nul"   : true
            },
            {
                "name"  : "High",
                "type"  : "float(8)",
                "nul"   : true
            }
        ]
    }
}